   Compiling proc-macro2 v1.0.106
   Compiling unicode-ident v1.0.24
   Compiling quote v1.0.45
    Checking cfg-if v1.0.4
   Compiling serde_core v1.0.229
   Compiling autocfg v1.5.0
   Compiling serde v1.0.229
   Compiling libc v0.2.183
   Compiling wasm-bindgen-shared v0.2.126
    Checking once_cell v1.21.4
   Compiling rustversion v1.0.22
   Compiling zmij v1.0.21
   Compiling serde_json v1.0.150
   Compiling bumpalo v3.20.2
    Checking memchr v2.8.0
    Checking itoa v1.0.18
   Compiling num-traits v0.2.19
    Checking bitflags v2.11.0
    Checking log v0.4.29
    Checking either v1.15.0
    Checking assert_no_alloc v1.1.2
    Checking strength_reduce v0.2.4
   Compiling zerocopy v0.8.48
    Checking bytemuck v1.25.0
    Checking lazy_static v1.5.0
    Checking smallvec v1.15.1
    Checking clap_lex v1.1.0
    Checking anstyle v1.0.14
    Checking regex-syntax v0.8.10
    Checking ciborium-io v0.2.2
    Checking clap_builder v4.6.0
    Checking itertools v0.10.5
    Checking same-file v1.0.6
    Checking regex-automata v0.4.14
    Checking cast v0.3.0
    Checking walkdir v2.5.0
    Checking regex-lite v0.1.9
    Checking criterion-plot v0.5.0
    Checking clap v4.6.0
    Checking anes v0.1.6
    Checking oorandom v11.1.5
   Compiling objc2 v0.6.4
   Compiling semver v1.0.27
    Checking objc2-encode v4.1.0
   Compiling Inflector v0.11.4
   Compiling rustc_version v0.4.1
    Checking typenum v1.20.1
   Compiling crossbeam-utils v0.8.21
    Checking regex v1.12.3
   Compiling specta v2.0.0-rc.25
    Checking rand_core v0.10.1
   Compiling getrandom v0.4.2
    Checking const-oid v0.10.2
    Checking hybrid-array v0.4.13
   Compiling syn v2.0.117
   Compiling syn v3.0.0
    Checking crypto-common v0.2.2
    Checking block-buffer v0.12.1
    Checking digest v0.11.3
   Compiling crc32fast v1.5.0
   Compiling wasm-bindgen v0.2.126
    Checking scopeguard v1.2.0
    Checking extended v0.1.0
   Compiling thiserror v2.0.18
    Checking lock_api v0.4.14
    Checking is-terminal v0.4.17
    Checking cpufeatures v0.3.0
    Checking sha2 v0.11.0
   Compiling serde_derive v1.0.229
    Checking simd-adler32 v0.3.9
    Checking adler2 v2.0.1
    Checking socket2 v0.6.3
    Checking num-integer v0.1.46
    Checking num-complex v0.4.6
    Checking primal-check v0.3.4
    Checking transpose v0.2.3
    Checking miniz_oxide v0.8.9
    Checking spin v0.9.8
    Checking rustfft v6.4.1
    Checking chacha20 v0.10.1
   Compiling wasm-bindgen-macro-support v0.2.126
    Checking tracing-core v0.1.36
    Checking futures-sink v0.3.33
    Checking futures-core v0.3.33
    Checking tinyvec_macros v0.1.1
    Checking pin-project-lite v0.2.17
    Checking leb128 v0.2.5
   Compiling cpal v0.18.1
    Checking triple_buffer v9.0.0
    Checking dispatch2 v0.3.1
    Checking block2 v0.6.2
    Checking objc2-core-audio-types v0.3.2
    Checking objc2-foundation v0.3.2
    Checking objc2-core-foundation v0.3.2
    Checking tinyvec v1.11.0
    Checking flume v0.12.0
    Checking socket-pktinfo v0.4.0
   Compiling zerocopy-derive v0.8.48
   Compiling specta-macros v2.0.0-rc.25
   Compiling thiserror-impl v2.0.18
    Checking symphonia-core v0.6.0
   Compiling tracing-attributes v0.1.31
    Checking objc2-core-audio v0.3.2
    Checking objc2-audio-toolbox v0.3.2
    Checking flate2 v1.1.9
    Checking rand v0.10.2
    Checking tracing v0.1.44
    Checking symphonia-metadata v0.6.0
    Checking symphonia-bundle-mp3 v0.6.0
    Checking symphonia-codec-adpcm v0.6.0
    Checking symphonia-codec-pcm v0.6.0
    Checking coreaudio-rs v0.14.2
    Checking mio v1.2.0
    Checking symphonia-common v0.6.0
    Checking symphonia-bundle-flac v0.6.0
   Compiling wasm-bindgen-macro v0.2.126
    Checking symphonia-codec-aac v0.6.0
    Checking symphonia-format-mkv v0.6.0
    Checking symphonia-codec-vorbis v0.6.0
    Checking symphonia-format-ogg v0.6.0
    Checking symphonia-codec-alac v0.6.0
    Checking symphonia-format-caf v0.6.0
    Checking symphonia-format-isomp4 v0.6.0
    Checking symphonia-format-riff v0.6.0
    Checking if-addrs v0.15.0
    Checking smol_str v0.3.6
    Checking itertools v0.14.0
    Checking rustc-hash v2.1.2
    Checking unicode-segmentation v1.13.2
    Checking dasp_sample v0.11.0
    Checking mach2 v0.6.0
    Checking hex v0.4.3
    Checking fastrand v2.5.0
    Checking uuid v1.24.0
    Checking symphonia v0.6.0
    Checking mdns-sd v0.20.2
    Checking hostname v0.4.2
    Checking libloading v0.9.0
    Checking rtrb v0.3.4
    Checking tinytemplate v1.2.1
    Checking daw-io v0.1.0 (/Users/josecosta/dev/sourdaw/.agents/worktrees/rustci/crates/daw-io)
    Checking clap-sys v0.5.0
    Checking daw-core v0.1.0 (/Users/josecosta/dev/sourdaw/.agents/worktrees/rustci/crates/daw-core)
    Checking daw-plugin-host v0.1.0 (/Users/josecosta/dev/sourdaw/.agents/worktrees/rustci/crates/daw-plugin-host)
error: unused import: `std::str::FromStr`
 --> crates/daw-core/src/tuning/scala.rs:1:5
  |
1 | use std::str::FromStr;
  |     ^^^^^^^^^^^^^^^^^
  |
  = note: `-D unused-imports` implied by `-D warnings`
  = help: to override `-D warnings` add `#[allow(unused_imports)]`

error: empty line after doc comment
  --> crates/daw-plugin-host/src/clap_wrapper.rs:7:1
   |
 7 | / /// on the RT path.
 8 | |
   | |_^
 9 |   /// Maximum audio buffer size this host supports (must match the max_frames_count passed to activate).
10 |   const MAX_BUFFER: usize = 4096;
   |   ---------------- the comment documents this constant item
   |
   = help: for further information visit https://rust-lang.github.io/rust-clippy/master/index.html#empty_line_after_doc_comments
   = note: `-D clippy::empty-line-after-doc-comments` implied by `-D warnings`
   = help: to override `-D warnings` add `#[allow(clippy::empty_line_after_doc_comments)]`
   = help: if the empty line is unintentional, remove it
help: if the comment should document the parent module use an inner doc comment
   |
 1 ~ //! Real CLAP plugin wrapper — loads .clap shared libraries and hosts them.
 2 ~ //!
 3 ~ //! Flow: dlopen → clap_entry.init() → factory.create_plugin(host, id) → plugin.activate() → plugin.process()
 4 ~ //!
 5 ~ //! RT-safety: `process_audio_internal` and `process_with_midi` are called on the audio thread.
 6 ~ //! All scratch buffers are preallocated in `new` — no heap allocation occurs
 7 ~ //! on the RT path.
   |
help: if the documentation should include the empty line include it in the comment
   |
 8 | ///
   |

error: unused imports: `CLAP_WINDOW_API_WIN32` and `CLAP_WINDOW_API_X11`
  --> crates/daw-plugin-host/src/clap_wrapper.rs:34:5
   |
34 |     CLAP_WINDOW_API_WIN32, CLAP_WINDOW_API_X11,
   |     ^^^^^^^^^^^^^^^^^^^^^  ^^^^^^^^^^^^^^^^^^^
   |
   = note: `-D unused-imports` implied by `-D warnings`
   = help: to override `-D warnings` add `#[allow(unused_imports)]`

error: unused import: `CStr`
 --> crates/daw-plugin-host/src/vst3_wrapper.rs:9:24
  |
9 | use std::ffi::{c_void, CStr};
  |                        ^^^^

error: unused import: `std::ptr`
  --> crates/daw-plugin-host/src/vst3_wrapper.rs:10:5
   |
10 | use std::ptr;
   |     ^^^^^^^^

error: could not compile `daw-core` (lib) due to 1 previous error
warning: build failed, waiting for other jobs to finish...
error: could not compile `daw-core` (lib test) due to 1 previous error
error: unused variable: `clap_id`
   --> crates/daw-plugin-host/src/scanner.rs:133:26
    |
133 |             let (vendor, clap_id, category, has_ui) = if format == "clap" {
    |                          ^^^^^^^ help: if this is intentional, prefix it with an underscore: `_clap_id`
    |
    = note: `-D unused-variables` implied by `-D warnings`
    = help: to override `-D warnings` add `#[allow(unused_variables)]`

error: field `host` is never read
  --> crates/daw-plugin-host/src/clap_wrapper.rs:65:5
   |
59 | pub struct ClapWrapper {
   |            ----------- field in this struct
...
65 |     host: Box<clap_host>,
   |     ^^^^
   |
   = note: `-D dead-code` implied by `-D warnings`
   = help: to override `-D warnings` add `#[expect(dead_code)]` or `#[allow(dead_code)]`

error: field `activated` is never read
  --> crates/daw-plugin-host/src/vst3_wrapper.rs:17:5
   |
14 | pub struct Vst3Wrapper {
   |            ----------- field in this struct
...
17 |     activated: bool,
   |     ^^^^^^^^^

error: casting raw pointers to the same type and constness is unnecessary (`*const i8` -> `*const i8`)
   --> crates/daw-plugin-host/src/clap_wrapper.rs:237:30
    |
237 |             let factory_id = CLAP_PLUGIN_FACTORY_ID.as_ptr() as *const i8;
    |                              ^^^^^^^^^^^^^^^^^^^^^^^^^^^^^^^^^^^^^^^^^^^^ help: try: `CLAP_PLUGIN_FACTORY_ID.as_ptr()`
    |
    = help: for further information visit https://rust-lang.github.io/rust-clippy/master/index.html#unnecessary_cast
    = note: `-D clippy::unnecessary-cast` implied by `-D warnings`
    = help: to override `-D warnings` add `#[allow(clippy::unnecessary_cast)]`

error: casting raw pointers to the same type and constness is unnecessary (`*const i8` -> `*const i8`)
   --> crates/daw-plugin-host/src/scanner.rs:320:22
    |
320 |     let factory_id = CLAP_PLUGIN_FACTORY_ID.as_ptr() as *const i8;
    |                      ^^^^^^^^^^^^^^^^^^^^^^^^^^^^^^^^^^^^^^^^^^^^ help: try: `CLAP_PLUGIN_FACTORY_ID.as_ptr()`
    |
    = help: for further information visit https://rust-lang.github.io/rust-clippy/master/index.html#unnecessary_cast

error: items after a test module
    --> crates/daw-plugin-host/src/clap_wrapper.rs:1174:1
     |
1174 | mod tests {
     | ^^^^^^^^^
...
1465 | impl Drop for ClapWrapper {
     | ^^^^^^^^^^^^^^^^^^^^^^^^^
     |
     = help: for further information visit https://rust-lang.github.io/rust-clippy/master/index.html#items_after_test_module
     = note: `-D clippy::items-after-test-module` implied by `-D warnings`
     = help: to override `-D warnings` add `#[allow(clippy::items_after_test_module)]`
     = help: move the items to before the test module was defined

error: could not compile `daw-plugin-host` (lib) due to 9 previous errors
error: items after a test module
   --> crates/daw-plugin-host/src/scanner.rs:191:1
    |
191 | mod tests {
    | ^^^^^^^^^
...
277 | pub fn extract_clap_metadata(path: &Path) -> (String, String) {
    | ^^^^^^^^^^^^^^^^^^^^^^^^^^^^^^^^^^^^^^^^^^^^^^^^^^^^^^^^^^^^^
...
319 | unsafe fn extract_from_factory(entry_ref: &clap_plugin_entry) -> (String, String) {
    | ^^^^^^^^^^^^^^^^^^^^^^^^^^^^^^^^^^^^^^^^^^^^^^^^^^^^^^^^^^^^^^^^^^^^^^^^^^^^^^^^^
    |
    = help: for further information visit https://rust-lang.github.io/rust-clippy/master/index.html#items_after_test_module
    = help: move the items to before the test module was defined

error: could not compile `daw-plugin-host` (lib test) due to 11 previous errors
